cmi.actionbar.colors - Allows to use colors in actionbarmsg command
cmi.anvil.bypassitalic - Allows to bypass italic when renaming item
cmi.anvil.colors - Allows to use colors when renaming item
cmi.anvil.itemrename.bypass - Allows to rename items with black listed names. /itemanem and physical anvil
cmi.armorstand.hands - Allows to spawn armorstand with hands
cmi.armorstand.offhand - Allows to manipulate armorstand off hand items
cmi.autorespawn - Allows to respawn automatically
cmi.bedhome - Allows to set home location on interaction
cmi.book.colors - Allows to colorize books
cmi.book.pages.$1 - Defines max pages you can create in a book
cmi.bossbar.colors - Allows to use colors in bossbarmsg command
cmi.bossbar.hpbar - Allows to see hp boss bar when dealing damage to entity. Rechecks every minute.; Default: true
cmi.bungee.publicmessages.$1 - Allows to send public messages to target server
cmi.buttonteleport - Allows to teleport to target location when clicking on inventory edit GUI on location icon; Default: op
cmi.chat.rangebypass - Allows to send messages over greater distances
cmi.chat.rangespy - Allows to see all messages over greater distances
cmi.chat.shout - Allows to send messges over greater distances
cmi.chatbubblegroup.$1 - Defines player custom chat bubble group for public messages
cmi.chatfilter.bypass.$1 - Allows to bypass particular chat filter group
cmi.chatfilter.capbypass - Allows to bypass chat caps filter
cmi.chatfilter.inform - Informs player when some one breaks chat filter rules
cmi.chatfilter.spambypass - Allows to bypass chat spam filter
cmi.chatgroup.$1 - Defines player custom chat group for public message format
cmi.chatmessagegroup.$1 - Defines player custom chat message group for public message format
cmi.chorusteleport - Allows to use chorus to teleport around; Default: true
cmi.colors.$1.* - Allows all color usage in particular areas
cmi.colors.$1.$2 - Allows color usage in particular areas. Types: publicmessage, privatemessage, nickname, signs, books, me
cmi.command - Gives access to base usage of commands; Default: true
cmi.command.$1
cmi.command.$1.others - Allows to perform command on another player
cmi.command.$1.others.$2 - Allows to perform command on another player
cmi.command.afk.auto - Places player into afk mode automatically
cmi.command.afk.kickbypass - Prevents player from being kicked out of server when afk mode triggers event
cmi.command.afk.kickOutIn.$1 - Defines time in seconds when player needs to be kicked after he enter afk mode
cmi.command.afk.staffinform - Uses different afk auto response message
cmi.command.afkcheck.admin - Places player into afk mode automatically
cmi.command.alert.inform - Player will get notification on player join with alert
cmi.command.armorstand.$1 - Allows to access particular armor stand editor features
cmi.command.armorstand.admin - Allows to save/load/deleted saved armor stands
cmi.command.armorstand.movebypass - Allows to move armor stand where you cant build. Can help to bypass AntiCheat plugin restrictions
cmi.command.armorstand.renaming - Allows to rename armor stand in armor stand editor
cmi.command.armorstand.scalemax.$1 - Defines max armor stand scale
cmi.command.armorstand.scalemin.$1 - Defines min armor stand scale
cmi.command.armorstand.template.$1 - Allows to deploy saved armor stands
cmi.command.attachcommand.cc - Allows to attach console command to item
cmi.command.attachcommand.silent - Allows to attach silent commands
cmi.command.back.ondeath - Allows returning to death location by using back command after death
cmi.command.back.worldbypass - Allows returning to blacklisted worlds
cmi.command.ban.bypass - Prevents player from being banned
cmi.command.banip.bypass - Prevents player from being banned by ip
cmi.command.bossbarmsg.admin - Allows to use commands in bossbar automated messages
cmi.command.broadcast.clean - Allows to use ! to send clean broadcast messages
cmi.command.broadcast.colors - Allows to use colors in broadcast messages
cmi.command.charges.edit - Allows to edit players spawner charges
cmi.command.chat.create - Allows to create chatroom
cmi.command.chat.create.locked - Allows to create locked chatrooms
cmi.command.chat.create.persistent - Allows to create persistent chatrooms
cmi.command.chat.create.private - Allows to create private chatrooms
cmi.command.chat.force - Allows to force join player into chat room
cmi.command.chat.invite - Allows to initiate player into chatroom
cmi.command.chat.joinbypass - Allows to join private chat room without invitation
cmi.command.chat.kick - Allows to kick players from chat room
cmi.command.chat.leave.locked - Allows to leave locked chatrooms
cmi.command.chat.list - Allows to list players in chat room
cmi.command.chat.listrooms - Allows to list all chat rooms
cmi.command.chat.see - Allows to see messages in chat room
cmi.command.chat.seebypass - Allows to see private chat room
cmi.command.checkaccount.showip - Allows to see players ip in check account
cmi.command.checkban.modify - Allows to modify players ban
cmi.command.checkban.seereason - Allows to see players ban reason; Default: true
cmi.command.cheque.admin - Allows to give out cheque with money amount directly to target player without requiring paper
cmi.command.cheque.withdraw - Allows to withdraw cheque balance when option in config file is enabled
cmi.command.clearchat.bypass - Players chat with permission will not be cleared
cmi.command.commandspy.bypass - Bypasses blacklisted command spy commands
cmi.command.commandspy.hide - Hides performed commands from commandspy
cmi.command.counter.autojoin - Players will automatically join counter group on server join
cmi.command.counter.center - Allows to use counter custom location
cmi.command.counter.force - Allows to force counter message on surrounding players
cmi.command.counter.msg - Allows to change counter default message
cmi.command.counter.range - Allows to change counter default range
cmi.command.counter.time - Allows to change counter default time
cmi.command.ctext - Shows custom text; Default: true
cmi.command.ctext.$1 - Allows to see defined custom message
cmi.command.cuff.bypass - Allows command usage while cuffed
cmi.command.dialog.disabled - Allows to see disabled dialogs
cmi.command.donate.accept - Allows you to accept items sent throw donate command
cmi.command.donate.bypass - Prevents you from getting items with donate command
cmi.command.donate.send - Allows you to send items throw donate command
cmi.command.enchant.bypassinvalid - Allows to enchant items with enchants which usually are not possible on items
cmi.command.enchant.bypasslimit - Allows to bypass enchant limitations
cmi.command.ender.preventmodify - Prevents ender chest modification by some one else
cmi.command.ender.preventmodify.bypass - Bypass for ender chest modification protection
cmi.command.feed.all - Allows to feed every online player
cmi.command.fixchunk.speed - Allows to adjust chunk fix speed
cmi.command.flightcharge.admin - Allows to edit flight charges for players
cmi.command.fly.safelogin - Safely lands player after relog if he is in air
cmi.command.flyspeed.$1 - Defines max flight speed player can set
cmi.command.giftpet.bypass - Allows to change pet's owner when you are not the original owner
cmi.command.give.max.$1 - Max item stack size player can use
cmi.command.glow.color.$1 - Allows to change glow color
cmi.command.gm.$1 - Allows to change game mode to particular type
cmi.command.head.othersource - Allows to get head of another player
cmi.command.heal.all - Allows to heal every online player
cmi.command.helpop.inform - Players with permission gets helpop messages
cmi.command.home.bypassprivate - Allows to teleport to private another player home location
cmi.command.homes.range - Allows to see homes by range from you
cmi.command.ignore.bypass - Allows to perform commands on who ignores you
cmi.command.info.back - Allows to see back location in info page
cmi.command.info.bed - Allows to see bed location in info page
cmi.command.info.deathlocation - Allows to see death location in info page
cmi.command.info.ip - Allows to see players ip in info page
cmi.command.info.pos - Allows to see pos location in info page
cmi.command.inv.information - Shows target player information in GUI
cmi.command.inv.location - Shows target player location in GUI
cmi.command.inv.preventmodify - Prevent inventory modifications by others
cmi.command.inv.preventmodify.bypass - Bypass for regular inventory modification protection
cmi.command.invcheck.edit - Allows to edit saved inventory
cmi.command.itemframe.$1 - Allows specific action
cmi.command.itemlore.modification - Allows to modify existing item lore; Default: true
cmi.command.jail.bypass - Prevents player from being jailed
cmi.command.jail.bypasscmd - Allows command usage while jailed
cmi.command.jail.maxtime.$1 - Defines max amount of time player can jail someone
cmi.command.jump.$1 - Defines max jump distance
cmi.command.kick.bypass - Prevent player from being kicked from server
cmi.command.kill.byforce - Allows to kill player independent of protection plugins
cmi.command.kit - Gives predefined kit.; Default: true
cmi.command.kiteditor.admin - Allows to define more dangerous aspects of kits, like commands
cmi.command.lfix.admin - Allows to fix light in area bigger than you can see
cmi.command.list.admin - Places player into admin group in list
cmi.command.list.group.$1 - Assigns player to defined group
cmi.command.list.hidden - Allows to see hidden players in player list
cmi.command.list.staff - Places player into staff group in list
cmi.command.mail.clear - Allows to clear mail; Default: true
cmi.command.mail.read - Allows to read mail; Default: true
cmi.command.mail.send - Allows to send mail; Default: true
cmi.command.mail.sendtemp - Allows to send timed mail
cmi.command.maintenance.bypass - Allows to bypass maintenance mode
cmi.command.mirror.nodeduct - Will not use blocks when placing them in survival and in mirror mode
cmi.command.money.admin - Allows to manipulate player balance
cmi.command.money.betweenworldgroups - Allows money transfer between worlds
cmi.command.more.oversize - Allows to get oversized stacks
cmi.command.msg.$1.send - Allows to send private messages to specific player groups
cmi.command.msg.clean - Allows to send clean messages to player by using ! at beginning
cmi.command.msg.noreply - Allows to send clean messages to player by using !- at beginning without option to reply
cmi.command.msg.togglebypass - Allows to send private messages even if player has pm toggled off
cmi.command.msg.vanish - Allows to send private messages to vanished players
cmi.command.mute.bypass - Bypass personal public chat mute
cmi.command.mute.max.$1 - Allows to temp mute for defined max time
cmi.command.mutechat.bypass - Bypass public chat mute
cmi.command.near.hide - Hides player from being shown in near command
cmi.command.near.max.$1 - Defines max distance for near command to override default
cmi.command.nick.bypass.length - Allows to bypass nick name length limitations
cmi.command.nick.bypassblacklist - Allows to bypass nick name black list
cmi.command.nick.bypassinuse - Allows to bypass limitation in using already existing name
cmi.command.nick.bypassrealname - Allows to bypass existing real name checks
cmi.command.nick.different - Allows to set nick name to different one than original
cmi.command.note.add - Allows to add notes
cmi.command.note.remove - Allows to remove or clear notes
cmi.command.options.$1 - Allows to modify specific options
cmi.command.patrol.bypass - Player with permission will not be included into patrol list
cmi.command.point.$1 - Allows to change particle type
cmi.command.portal.$1 - Allows to use portal
cmi.command.prewards.others.claim - Allows to claim rewards for others
cmi.command.pweather.$1 - Allows to change personal weather to specific state
cmi.command.recipe.admin - Allows to enable/disable recipes
cmi.command.recipe.custom - Allows to see custom recipes
cmi.command.releasepet.bypass - Allows to release pet when you are not the original owner
cmi.command.removewarp.bypass - Allows to remove warps which belong to anoher player
cmi.command.repair
cmi.command.repair.$1 - Allows to repair specific area
cmi.command.repair.bypass - Allows to bypass repair cost on item
cmi.command.repair.repairshare.bypass - Allows to bypass repair share being applied on item
cmi.command.replaceblock.speed - Allows to adjust replaceblock speed
cmi.command.ride.$1 - Allow to ride entity
cmi.command.scan.speed - Allows to adjust scan speed
cmi.command.sell.$1 - Allows to sell items not only from your hand
cmi.command.sendall.bypass - Prevents player from being sent to target server
cmi.command.sethome.$1 - Allows to have defined amount of homes
cmi.command.sethome.bypass - Allows to bypass block break protection
cmi.command.sethome.bypasslimit - Allows to bypass limits by worlds
cmi.command.sethome.customloc - Allows to define custom location for new home
cmi.command.sethome.iconpicker - Allows to see icon picker after using command
cmi.command.sethome.iconpickeroncreation - Automatically opens icon picket on home creation
cmi.command.sethome.overwrite - Allows to overwrite existing home location
cmi.command.sethome.unlimited - Allows to have unlimited amount of homes
cmi.command.setwarp.$1 - Allows to have defined amount of warps
cmi.command.setwarp.multiloc - Allows to set more than one location for warp point
cmi.command.setwarp.unlimited - Allows to have unlimited amount of warps
cmi.command.shoot.$1 - Allows to shoot specific type of entity
cmi.command.signspy.hide - Hides created signs from signspy
cmi.command.silence.bypass - Allows to send messages who is in silence mode
cmi.command.silent - Allows to use -s variable in commands to avoid sending feedback messages to target player
cmi.command.sit.location - Allows to sit in specific location
cmi.command.sit.persistent - Allows to sit with persistent mode
cmi.command.sit.stairs - Allows to sit on stairs automatically
cmi.command.skin.perm.$1 - Allows to change skin to particular player
cmi.command.socialspy.hide - Hides social messages from social spy
cmi.command.spawner.$1 - Allows to change spawner with command to defined type
cmi.command.spawner.shiftclick - Allows to use spawner set GUI on shift clicking it
cmi.command.sudo.bypass - Prevents player from using sudo on player with permission
cmi.command.tempban.bypass - Prevents player from being tempbanned
cmi.command.tempban.max.$1 - Allows to temp ban for defined max time
cmi.command.tempban.max.unlimited - Allows to temp ban for more than config allows
cmi.command.tfly.admin - Allows to manage tfly for players
cmi.command.tfly.maxtime.$1 - Defines max amount of time player can have with tfly command
cmi.command.time.$1 - Allows to manipulate time
cmi.command.tpa.max.$1 - Defines max distance for tpa command to override default
cmi.command.tpa.warmupbypass - Allows to bypass tpa command warmup
cmi.command.tpahere.max.$1 - Defines max distance for tpahere command to override default
cmi.command.tpahere.warmupbypass - Allows to bypass tpahere command warmup
cmi.command.tptoggle.bypass - Allows teleportation to players with disabled teleportations
cmi.command.walkspeed.$1 - Defines max walkspeed player can set
cmi.command.warn.bypass - Prevents player from being warned
cmi.command.warp.$1 - Allows to use particular warp if warp requires permission node
cmi.command.warp.diffdisplayname - Allows to define different warp display name
cmi.command.warp.redefine - Allows to redefine warps
cmi.command.warp.showlist - Allows to see warp list in chat or gui; Default: true
cmi.command.warp.specificlocation - Allows to define warps specific location
cmi.command.weather.$1 - Allows to define change weather to specific state
cmi.command.weather.$1.$2 - Allows to define max length player can change weather to
cmi.command.world.$1 - Allows to teleport to particular world with command
cmi.commandfilter.bypass - Allows to bypass command spam filter
cmi.cooldown.$1.$2 - Defines command cooldown for player. Spaces need to be separate with _
cmi.cooldownbypass.$1 - Allows to bypass command cooldown
cmi.costbypass.$1 - Allows to bypass command cost
cmi.customalias.$1 - Allows to use particular alias if it requires permission
cmi.damagecontrol.$1 - Defines damage multiplier by group
cmi.deathlocation - Allows to see death location after death; Default: op
cmi.dropspawner - Allows for spawner to be dropped after its being broken
cmi.dropspawner.$1 - Allows for spawner to be dropped after its being broken by defined type
cmi.dropspawner.basedropchance.$1 - Defines base drop chance. Used in case its higher than defined one in config file
cmi.dropspawner.nosilk - Drops spawner without silk touch
cmi.dropspawner.stopafter.$1 - Defines mined spawner amount after which to stop dropping
cmi.dynmap.hidden - Hides player from dynmap map
cmi.egginteract.* - Allows to use all eggs on spawners; Default: op
cmi.egginteract.$1 - Allows to change spawner by interacting with egg
cmi.elevator.create - Allows to create elevator signs
cmi.elevator.use - Allows to use elevator based on signs
cmi.elytra - Allows to equip elytra; Default: true
cmi.elytra.boost - Allows to use basic elytra boost. Right click
cmi.elytra.freeflight - Allows to use elytra boost for free
cmi.elytra.speedometer - Allows to see speedometer while flying with elytra
cmi.elytra.superboost - Allows to use elytra super boost. +Shift click
cmi.elytralaunch - Allows to use elytra launch feature
cmi.enchantments.$1 - Allows to enchant items with specific enchant
cmi.enchantments.$1.$2 - Allows to enchant items with specific enchant to specific max level
cmi.enderedit - Allows to edit ender chest of some one else; Default: op
cmi.fullserver.bypass - Allows to join full server
cmi.hologram.$1 - Allows to see hologram
cmi.hologram.seeold - Shows holograms in old format
cmi.hunger.keepafterdeath - Prevents from hunger to be replenished after death
cmi.informDurability - Player will be informed when durability reaches threshold
cmi.interactivesign.$1 - Allows to create interactive signs when using [ic:[icName]] as top line of sign
cmi.invedit - Allow to edit players inventory; Default: op
cmi.inventoryhat - Allows to put block on head from inventory
cmi.inventoryhat.bypass - Allows to bypass item limitations
cmi.keepexp - Allows to keep exp after death
cmi.keepinventory - Allows to keep inventory after death
cmi.kit.$1 - Allows to use kit
cmi.kit.$1.preview - Allows to preview kit without having access to kit
cmi.kit.bypass.exp - Allows to bypass kit exp requirement
cmi.kit.bypass.money - Allows to bypass kit money requirement
cmi.kit.bypass.onetimeuse - Allows to bypass kit onetimeuse limitations
cmi.kit.bypass.time - Allows to bypass kit time limitations
cmi.kit.bypass.usetime - Allows to void recording kit use time
cmi.messages.disablelogin - Disables login message
cmi.messages.disablequit - Disables logout message
cmi.minecart.change.$1 - Allows to change minecart type by right clicking with appropriate item
cmi.netherportalbypass - Allows nether portal creation when its disabled in config file
cmi.openshulker - Allows to use shulkerbox as backpack
cmi.openshulker.edit - Allows to edit shulkerbox; Default: true
cmi.openshulker.free - Allows to use shulkerbox for free
cmi.openshulker.shift - Allows to use shulkerbox as backpack with shift right click
cmi.permisiononerror - Allows to see missing permission on error message; Default: true
cmi.placespawner - Allows to place spawner and keep its type
cmi.placespawner.$1 - Allows to place spawner by particular type and keep its type
cmi.prewards.$1 - Allows to get particular playtime reward
cmi.prewards.notification - Allows to see playtime rewards notifications
cmi.pve.godBypass - Allows to damage mobs while being in god mode
cmi.pvp.cmdBypass - Allows to use commands during combat mode
cmi.pvp.godBypass - Allows to damage player while being in god mode
cmi.pvp.MFlyBypass - Allows to keep flying while entering combat mode by monster
cmi.pvp.PFlyBypass - Allows to keep flying while entering combat mode by player
cmi.randomteleport.$1 - Allows to random teleport inside specific world
cmi.randomteleport.cooldownbypass - Allows to bypass random teleport cooldown
cmi.rank.$1 - Defines default player rank
cmi.respawngroup.$1 - Defines player individual respawn point
cmi.safeteleport - Prevents teleportation to unsafe locations; Default: op
cmi.safeteleport.bypass.$1 - Allows to teleport into unsafe location without confirmation
cmi.saveinv - Saves player inventory on death to be restored if needed later on
cmi.scheduler.exclude - Excludes player from scheduler random player list
cmi.scrollpainting - Allows to modify paintings
cmi.security.admin - Sets players security level
cmi.seevanished - Allows to see vanished people
cmi.select - Allows to select with selection tool
cmi.signs.shiftedit - Allows to edit signs with shift right click
cmi.signs.shifteditbypass - Allows to edit signs on protected land
cmi.silentchest.editing - Allows to edit chests while in silent open mode
cmi.sleepignore - Players with this permission node will be ignored when checking how many players are sleeping in the world to speed up time
cmi.spawners.charge.$1 - Defines spawner charge group
cmi.spawners.charge.bypass - Allows to bypass charge limitations
cmi.spawners.proximity.bypass - Bypass spawner place range limitations
cmi.spawngroup.$1 - Defines player individual spawn point
cmi.spawnonjoin.bypass - Allows to bypass spawnOnJoin option
cmi.tablist.$1 - Defines player custom tab list group
cmi.tablistweight.$1 - Defines player custom tab list sorting weight
cmi.tag.color - Tagged player name gets colorized
cmi.teleport.bypassblacklist - Allows to bypass protection from teleporting with blacklisted items
cmi.teleport.currentlocation - Allows to initiate teleportation to the current player location
cmi.teleport.with.$1 - Allows teleportation with defined mount
cmi.title.colors - Allows to use colors in titlemsg command
cmi.totem.frominventory - Consumes totem from inventory
cmi.trialegginteract.$1 - Allows to change trial spawner by interacting with egg
cmi.vanishlevel.$1 - Defines players possible max vanish level
cmi.versioncheck - Allows to see new version message on login
cmi.viewdistance.$1 - Defines custom view range
cmi.warmupbypass.$1 - Allows to bypass particular CMI command warmup
cmi.warmuptime.$1.$2 - Allows to set warmup time. Lower is prioritized
cmi.worldlimit.elytra.bypass - Allows to bypass elytra mode limitations by worlds
cmi.worldlimit.fly.aboveroof - Allows to fly over world build limit. Feature should be enabled in config file
cmi.worldlimit.fly.bypass - Allows to bypass fly mode limitations by worlds
cmi.worldlimit.gamemode.bypass - Allows to bypass game mode limitations by worlds
cmi.worldlimit.god.bypass - Allows to bypass god mode limitations by worlds
