/jobs - Jobs
/jobs archive
/jobs area
/jobs blockinfo
/jobs bonus
/jobs boost
/jobs bp
/jobs browse
/jobs clearownership
/jobs convert
/jobs deluser
/jobs demote
/jobs edititembonus
/jobs editjobs
/jobs editpoints
/jobs editquests
/jobs employ
/jobs entitylist
/jobs exp
/jobs explored
/jobs fire
/jobs fireall
/jobs give
/jobs glog
/jobs gqtop
/jobs grantxp
/jobs gtop
/jobs howmuch
/jobs info
/jobs itembonus
/jobs iteminfo
/jobs join
/jobs leave
/jobs leaveall
/jobs level
/jobs limit
/jobs log
/jobs ownedblocks
/jobs placeholders
/jobs playerinfo
/jobs points
/jobs promote
/jobs quests
/jobs recalculatepermissions
/jobs reload
/jobs removexp
/jobs resetexploreregion
/jobs resetlimit
/jobs resetquest
/jobs resetquesttotal
/jobs schedule
/jobs shop
/jobs signupdate
/jobs skipquest
/jobs stats
/jobs toggle
/jobs top
/jobs transfer
/jobs version
