%jobsr_bonus_[jname/number]%

%jobsr_chatcolor_[jname/number]%

%jobsr_description_[jname/number]%

%jobsr_fullname_[jname/number]%

%jobsr_global_boost_[jname/number]_[money/exp/points]%

%jobsr_global_boost_time_[jname/number]_[money/exp/points]%

%jobsr_jtop_displayname_[jname/number]_[1-15]%

%jobsr_jtop_displayname_total_[1-15]%

%jobsr_jtop_level_[jname/number]_[1-15]%

%jobsr_jtop_level_total_[1-15]%

%jobsr_jtop_name_[jname/number]_[1-15]%

%jobsr_jtop_name_total_[1-15]%

%jobsr_limit_[money/exp/points]%

%jobsr_maxdailyq_[jname/number]%

%jobsr_maxjobs%

%jobsr_maxlvl_[jname/number]%

%jobsr_maxslots_[jname/number]%

%jobsr_maxviplvl_[jname/number]%

%jobsr_name_[jname/number]%

%jobsr_plimit_[money/exp/points]%

%jobsr_plimit_tleft_[money/exp/points]%

%jobsr_questdesc_[jname/number]_[questIndicator]%

%jobsr_questname_[jname/number]_[questIndicator]%

%jobsr_shortname_[jname/number]%

%jobsr_total_workers%

%jobsr_totalplayers_[jname/number]%

%jobsr_user_archived_jobs_exp_[jname/number]%

%jobsr_user_archived_jobs_level_[jname/number]%

%jobsr_user_archived_jobs%

%jobsr_user_blastcount%

%jobsr_user_boost_[jname/number]_[money/exp/points]%

%jobsr_user_boost_time_[jname/number]_[money/exp/points]%

%jobsr_user_bstandcount%

%jobsr_user_canjoin_[jname/number]%

%jobsr_user_dailyquests_completed%

%jobsr_user_dailyquests_pending%

%jobsr_user_dailyquests_total%

%jobsr_user_displayhonorific%

%jobsr_user_doneq%

%jobsr_user_furncount%

%jobsr_user_id%

%jobsr_user_isin_[jname/number]%

%jobsr_user_issaved%

%jobsr_user_jexp_[jname/number]%

%jobsr_user_jexp_int_[jname/number]%

%jobsr_user_jexp_rounded_[jname/number]%

%jobsr_user_jexpunf_[jname/number]%

%jobsr_user_jlevel_[jname/number]%

%jobsr_user_jmaxexp_[jname/number]%

%jobsr_user_jmaxexpunf_[jname/number]%

%jobsr_user_jmaxlvl_[jname/number]%

%jobsr_user_jmexp_[jname/number]%

%jobsr_user_job_[jname/number]%

%jobsr_user_jobfull_[jname/number]%

%jobsr_user_jobs_clean%

%jobsr_user_jobs%

%jobsr_user_jobshort_[jname/number]%

%jobsr_user_joinedjobcount%

%jobsr_user_jprogress_[jname/number]%

%jobsr_user_maxblastcount%

%jobsr_user_maxbstandcount%

%jobsr_user_maxfurncount%

%jobsr_user_maxsmokercount%

%jobsr_user_pboost_[jname/number]_[money/exp/points]%

%jobsr_user_points_fixed%

%jobsr_user_points%

%jobsr_user_quests%

%jobsr_user_seen%

%jobsr_user_smokercount%

%jobsr_user_title_[jname/number]%

%jobsr_user_total_points%

%jobsr_user_totallevels%
