# Get owner name by residence name
%residence_ownername_[residenceName]%

%residence_user_admin%

%residence_user_amount%

%residence_user_blockcost%

%residence_user_blocksell%

%residence_user_cancreate%

%residence_user_current_bank%

# Get flags from current residence by flag name
%residence_user_current_flag_[flagName]%

%residence_user_current_forrent%

%residence_user_current_forsale%

%residence_user_current_owner%

%residence_user_current_qsize%

%residence_user_current_rentdays%

%residence_user_current_rentedby%

%residence_user_current_rentends%

%residence_user_current_rentprice%

%residence_user_current_res%

%residence_user_current_resname%

%residence_user_current_saleprice%

%residence_user_current_ssize%

%residence_user_group%

%residence_user_main_name%

%residence_user_main_owner%

%residence_user_maxew%

%residence_user_maxns%

%residence_user_maxrentdays%

%residence_user_maxrents%

%residence_user_maxres%

%residence_user_maxsub%

%residence_user_maxsubdepth%

%residence_user_maxud%
